[debug] [2026-09-17T10:37:14.323Z] ----------------------------------------------------------------------
[debug] [2026-09-17T10:37:14.329Z] Command:       C:\Program Files\nodejs\node.exe C:\Users\Lenovo\AppData\Roaming\npm\node_modules\firebase-tools\lib\bin\firebase.js deploy --only functions
[debug] [2026-09-17T10:37:14.330Z] CLI Version:   15.30.0
[debug] [2026-09-17T10:37:14.330Z] Platform:      win32
[debug] [2026-09-17T10:37:14.331Z] Node Version:  v24.15.0
[debug] [2026-09-17T10:37:14.331Z] Detected Agent: unknown
[debug] [2026-09-17T10:37:14.331Z] Time:          Thu Sep 17 2026 07:37:14 GMT-0300 (Horário Padrão de Brasília)
[debug] [2026-09-17T10:37:14.331Z] ----------------------------------------------------------------------
[debug] 
[debug] [2026-09-17T10:37:15.947Z] > command requires scopes: ["email","openid","https://www.googleapis.com/auth/cloudplatformprojects.readonly","https://www.googleapis.com/auth/firebase","https://www.googleapis.com/auth/cloud-platform"]
[debug] [2026-09-17T10:37:15.948Z] > authorizing via signed-in user (cac@cin.ufpe.br)
[debug] [2026-09-17T10:37:15.948Z] [iam] checking project imperium-das-chaves for permissions ["cloudfunctions.functions.create","cloudfunctions.functions.delete","cloudfunctions.functions.get","cloudfunctions.functions.list","cloudfunctions.functions.update","cloudfunctions.operations.get","firebase.projects.get"]
[debug] [2026-09-17T10:37:15.966Z] Checked if tokens are valid: true, expires at: 1789644939951
[debug] [2026-09-17T10:37:15.966Z] Checked if tokens are valid: true, expires at: 1789644939951
[debug] [2026-09-17T10:37:15.968Z] >>> [apiv2][query] POST https://cloudresourcemanager.googleapis.com/v1/projects/imperium-das-chaves:testIamPermissions [none]
[debug] [2026-09-17T10:37:15.968Z] >>> [apiv2][(partial)header] POST https://cloudresourcemanager.googleapis.com/v1/projects/imperium-das-chaves:testIamPermissions  x-goog-user-project=imperium-das-chaves
[debug] [2026-09-17T10:37:15.968Z] >>> [apiv2][body] POST https://cloudresourcemanager.googleapis.com/v1/projects/imperium-das-chaves:testIamPermissions {"permissions":["cloudfunctions.functions.create","cloudfunctions.functions.delete","cloudfunctions.functions.get","cloudfunctions.functions.list","cloudfunctions.functions.update","cloudfunctions.operations.get","firebase.projects.get"]}
[debug] [2026-09-17T10:37:17.103Z] <<< [apiv2][status] POST https://cloudresourcemanager.googleapis.com/v1/projects/imperium-das-chaves:testIamPermissions 200
[debug] [2026-09-17T10:37:17.103Z] <<< [apiv2][body] POST https://cloudresourcemanager.googleapis.com/v1/projects/imperium-das-chaves:testIamPermissions {"permissions":["cloudfunctions.functions.create","cloudfunctions.functions.delete","cloudfunctions.functions.get","cloudfunctions.functions.list","cloudfunctions.functions.update","cloudfunctions.operations.get","firebase.projects.get"]}
[debug] [2026-09-17T10:37:17.105Z] Checked if tokens are valid: true, expires at: 1789644939951
[debug] [2026-09-17T10:37:17.105Z] Checked if tokens are valid: true, expires at: 1789644939951
[debug] [2026-09-17T10:37:17.105Z] >>> [apiv2][query] POST https://iam.googleapis.com/v1/projects/imperium-das-chaves/serviceAccounts/imperium-das-chaves@appspot.gserviceaccount.com:testIamPermissions [none]
[debug] [2026-09-17T10:37:17.105Z] >>> [apiv2][body] POST https://iam.googleapis.com/v1/projects/imperium-das-chaves/serviceAccounts/imperium-das-chaves@appspot.gserviceaccount.com:testIamPermissions {"permissions":["iam.serviceAccounts.actAs"]}
[debug] [2026-09-17T10:37:18.493Z] <<< [apiv2][status] POST https://iam.googleapis.com/v1/projects/imperium-das-chaves/serviceAccounts/imperium-das-chaves@appspot.gserviceaccount.com:testIamPermissions 200
[debug] [2026-09-17T10:37:18.493Z] <<< [apiv2][body] POST https://iam.googleapis.com/v1/projects/imperium-das-chaves/serviceAccounts/imperium-das-chaves@appspot.gserviceaccount.com:testIamPermissions {"permissions":["iam.serviceAccounts.actAs"]}
[info] 
[info] === Deploying to 'imperium-das-chaves'...
[info] 
[info] i  deploying functions 
[debug] [2026-09-17T10:37:18.510Z] Checked if tokens are valid: true, expires at: 1789644939951
[debug] [2026-09-17T10:37:18.510Z] Checked if tokens are valid: true, expires at: 1789644939951
[debug] [2026-09-17T10:37:18.510Z] >>> [apiv2][query] GET https://cloudresourcemanager.googleapis.com/v1/projects/imperium-das-chaves [none]
[debug] [2026-09-17T10:37:18.899Z] <<< [apiv2][status] GET https://cloudresourcemanager.googleapis.com/v1/projects/imperium-das-chaves 200
[debug] [2026-09-17T10:37:18.900Z] <<< [apiv2][body] GET https://cloudresourcemanager.googleapis.com/v1/projects/imperium-das-chaves {"projectNumber":"552622991867","projectId":"imperium-das-chaves","lifecycleState":"ACTIVE","name":"Imperium-das-Chaves","labels":{"firebase":"enabled","firebase-core":"disabled"},"createTime":"2026-09-12T12:56:40.195Z","parent":{"type":"organization","id":"1044218722740"}}
[info] i  functions: preparing codebase default for deployment 
[info] i  functions: ensuring required API cloudfunctions.googleapis.com is enabled... 
[info] i  functions: ensuring required API cloudbuild.googleapis.com is enabled... 
[info] i  artifactregistry: ensuring required API artifactregistry.googleapis.com is enabled... 
[debug] [2026-09-17T10:37:18.921Z] Checked if tokens are valid: true, expires at: 1789644939951
[debug] [2026-09-17T10:37:18.921Z] Checked if tokens are valid: true, expires at: 1789644939951
[debug] [2026-09-17T10:37:18.922Z] >>> [apiv2][query] GET https://firebase.googleapis.com/v1beta1/projects/imperium-das-chaves/adminSdkConfig [none]
[debug] [2026-09-17T10:37:19.821Z] <<< [apiv2][status] GET https://firebase.googleapis.com/v1beta1/projects/imperium-das-chaves/adminSdkConfig 200
[debug] [2026-09-17T10:37:19.822Z] <<< [apiv2][body] GET https://firebase.googleapis.com/v1beta1/projects/imperium-das-chaves/adminSdkConfig {"projectId":"imperium-das-chaves","storageBucket":"imperium-das-chaves.firebasestorage.app"}
[debug] [2026-09-17T10:37:19.823Z] Checked if tokens are valid: true, expires at: 1789644939951
[debug] [2026-09-17T10:37:19.824Z] Checked if tokens are valid: true, expires at: 1789644939951
[debug] [2026-09-17T10:37:19.824Z] >>> [apiv2][query] GET https://runtimeconfig.googleapis.com/v1beta1/projects/imperium-das-chaves/configs [none]
[debug] [2026-09-17T10:37:20.559Z] <<< [apiv2][status] GET https://runtimeconfig.googleapis.com/v1beta1/projects/imperium-das-chaves/configs 200
[debug] [2026-09-17T10:37:20.559Z] <<< [apiv2][body] GET https://runtimeconfig.googleapis.com/v1beta1/projects/imperium-das-chaves/configs {}
[debug] [2026-09-17T10:37:20.561Z] Validating nodejs source
[warn] !  functions: package.json indicates an outdated version of firebase-functions. Please upgrade using npm install --save firebase-functions@latest in your functions directory. 
[warn] !  functions: Please note that there will be breaking changes when you upgrade. 
[debug] [2026-09-17T10:37:22.777Z] > [functions] package.json contents: {
  "name": "imperium-das-chaves-functions",
  "private": true,
  "version": "0.2.0",
  "type": "module",
  "engines": {
    "node": "22"
  },
  "main": "index.js",
  "scripts": {
    "deploy": "firebase deploy --only functions",
    "logs": "firebase functions:log"
  },
  "dependencies": {
    "firebase-admin": "^12.6.0",
    "firebase-functions": "^6.0.1"
  }
}
[debug] [2026-09-17T10:37:22.777Z] Building nodejs source
[info] i  functions: Loading and analyzing source code for codebase default to determine what to deploy 
[debug] [2026-09-17T10:37:22.780Z] Could not find functions.yaml. Must use http discovery
[debug] [2026-09-17T10:37:22.829Z] Found firebase-functions binary at 'C:\Users\Lenovo\OneDrive\Documentos\GitHub\Império\Imperium\functions\node_modules\.bin\firebase-functions'
